// Jest Snapshot v1, https://goo.gl/fbAQLP

exports[`ExpandableText should match snapshot 1`] = `
<div
  className=""
  data-testid="expandable-text-div"
>
  Text
</div>
`;
