// Jest Snapshot v1, https://goo.gl/fbAQLP

exports[`EditProfile should match snapshot 1`] = `
<div
  className="page-container"
>
  <button
    className="mull-back-button  "
    data-testid="mull-back-button"
    onClick={[Function]}
  >
    <svg
      aria-hidden="true"
      className="svg-inline--fa fa-chevron-left fa-w-10 mull-back-button-icon"
      data-icon="chevron-left"
      data-prefix="fas"
      focusable="false"
      role="img"
      style={Object {}}
      viewBox="0 0 320 512"
      xmlns="http://www.w3.org/2000/svg"
    >
      <path
        d="M34.52 239.03L228.87 44.69c9.37-9.37 24.57-9.37 33.94 0l22.67 22.67c9.36 9.36 9.37 24.52.04 33.9L131.49 256l154.02 154.75c9.34 9.38 9.32 24.54-.04 33.9l-22.67 22.67c-9.37 9.37-24.57 9.37-33.94 0L34.52 272.97c-9.37-9.37-9.37-24.57 0-33.94z"
        fill="currentColor"
        style={Object {}}
      />
    </svg>
    <div
      className="mull-back-button-text"
    >
      Profile
    </div>
  </button>
  <form
    className="edit-profile-container"
    onSubmit={[Function]}
  >
    <p
      className="edit-header"
    >
      Edit Profile
    </p>
    <div
      className="custom-file-upload-container"
    >
      <label
        className="image-uploaded"
        htmlFor="imageFile"
      >
        <img
          alt="Event"
          className="custom-file-upload-image"
          src="./assets/icons/icon-192x192.png"
        />
        <svg
          aria-hidden="true"
          className="svg-inline--fa fa-pencil-alt fa-w-16 custom-file-upload-pencil-icon button"
          data-icon="pencil-alt"
          data-prefix="fas"
          focusable="false"
          role="img"
          style={Object {}}
          viewBox="0 0 512 512"
          xmlns="http://www.w3.org/2000/svg"
        >
          <path
            d="M497.9 142.1l-46.1 46.1c-4.7 4.7-12.3 4.7-17 0l-111-111c-4.7-4.7-4.7-12.3 0-17l46.1-46.1c18.7-18.7 49.1-18.7 67.9 0l60.1 60.1c18.8 18.7 18.8 49.1 0 67.9zM284.2 99.8L21.6 362.4.4 483.9c-2.9 16.4 11.4 30.6 27.8 27.8l121.5-21.3 262.6-262.6c4.7-4.7 4.7-12.3 0-17l-111-111c-4.8-4.7-12.4-4.7-17.1 0zM124.1 339.9c-5.5-5.5-5.5-14.3 0-19.8l154-154c5.5-5.5 14.3-5.5 19.8 0s5.5 14.3 0 19.8l-154 154c-5.5 5.5-14.3 5.5-19.8 0zM88 424h48v36.3l-64.5 11.3-31.1-31.1L51.7 376H88v48z"
            fill="currentColor"
            style={Object {}}
          />
        </svg>
      </label>
      <input
        accept="image/*"
        className="custom-file-upload-input"
        data-testid="file"
        id="imageFile"
        onChange={[Function]}
        type="file"
      />
    </div>
    <div
      className="custom-text-input-container "
    >
      <label
        className="custom-text-input-label"
        htmlFor="displayName"
      >
        Display Name
      </label>
      <div
        className="custom-text-input-sub-container"
      >
        <input
          className="custom-text-input input-border "
          data-testid="custom-text-input"
          id="displayName"
          name="displayName"
          onChange={[Function]}
          type="text"
          value="Jane Doe"
        />
        <div
          className="custom-text-input-icon"
        />
      </div>
    </div>
    <label
      className="description-label"
      htmlFor="description"
    >
      Description
    </label>
    <textarea
      className="description-msg "
      id="description"
      onChange={[Function]}
      rows={6}
      value="a description"
    />
    <button
      className="mull-button save-button "
      data-testid="mull-button"
      onClick={[Function]}
      type="submit"
    >
      Save
    </button>
  </form>
</div>
`;
