// Jest Snapshot v1, https://goo.gl/fbAQLP

exports[`ProfileHeader should match snapshot 1`] = `
<div
  className="profile-header-container"
>
  <div
    className="user-name-container"
  >
    <h1>
      
    </h1>
    <button
      className="share-button"
    >
      <svg
        aria-hidden="true"
        className="svg-inline--fa fa-share-alt fa-w-14 "
        data-icon="share-alt"
        data-prefix="fas"
        focusable="false"
        role="img"
        style={Object {}}
        viewBox="0 0 448 512"
        xmlns="http://www.w3.org/2000/svg"
      >
        <path
          d="M352 320c-22.608 0-43.387 7.819-59.79 20.895l-102.486-64.054a96.551 96.551 0 0 0 0-41.683l102.486-64.054C308.613 184.181 329.392 192 352 192c53.019 0 96-42.981 96-96S405.019 0 352 0s-96 42.981-96 96c0 7.158.79 14.13 2.276 20.841L155.79 180.895C139.387 167.819 118.608 160 96 160c-53.019 0-96 42.981-96 96s42.981 96 96 96c22.608 0 43.387-7.819 59.79-20.895l102.486 64.054A96.301 96.301 0 0 0 256 416c0 53.019 42.981 96 96 96s96-42.981 96-96-42.981-96-96-96z"
          fill="currentColor"
          style={Object {}}
        />
      </svg>
    </button>
  </div>
  <div
    className="profile-header"
  >
    <img
      alt="user"
      className="user-profile-picture"
      src=""
    />
    <div
      className="profile-side-container for-current-user"
    >
      <button
        className="profile-stats"
      >
        0
        <br />
        Portfolio
      </button>
      <button
        className="profile-stats"
      >
        0
        <br />
        Friends
      </button>
      <button
        className="profile-stats"
      >
        0
        <br />
        Hosting
      </button>
    </div>
  </div>
  <div
    className="user-description-container"
  >
    <p>
      
    </p>
  </div>
</div>
`;
