// Jest Snapshot v1, https://goo.gl/fbAQLP

exports[`MullButton should match snapshot 1`] = `
<button
  className="mull-button  "
  data-testid="mull-button"
  onClick={[Function]}
  type="submit"
>
  
</button>
`;
