// Jest Snapshot v1, https://goo.gl/fbAQLP

exports[`EventMembers should render successfully 1`] = `null`;
