// Jest Snapshot v1, https://goo.gl/fbAQLP

exports[`UserProfilePage should match snapshot 1`] = `
<div
  className="page-container"
>
  <div
    className="profile-header-container"
  >
    <div
      className="user-name-container"
    >
      <h1
        data-testid="userName"
      >
        Jane Doe
      </h1>
    </div>
    <div
      className="profile-header"
    >
      <img
        alt="user"
        className="user-profile-picture"
        src="./assets/icons/icon-192x192.png"
      />
      <div
        className="profile-side-container for-current-user"
      >
        <button
          className="profile-stats"
          data-testid="portfolioCount"
        >
          0
          <br />
          Portfolio
        </button>
        <button
          className="profile-stats"
          data-testid="friendCount"
        >
          0
          <br />
          Friends
        </button>
        <button
          className="profile-stats"
          data-testid="hostingCount"
        >
          1
          <br />
          Hosting
        </button>
      </div>
    </div>
    <p
      className="profile-header-user-description"
      data-testid="userDescription"
    >
      a description
    </p>
  </div>
  <div
    className="settings-container"
  >
    <h3>
      Portfolio
    </h3>
    <button
      className="settings-button-container"
    >
      <svg
        aria-hidden="true"
        className="svg-inline--fa fa-leaf fa-w-18 settings-icon"
        data-icon="leaf"
        data-prefix="fas"
        focusable="false"
        role="img"
        style={Object {}}
        viewBox="0 0 576 512"
        xmlns="http://www.w3.org/2000/svg"
      >
        <path
          d="M546.2 9.7c-5.6-12.5-21.6-13-28.3-1.2C486.9 62.4 431.4 96 368 96h-80C182 96 96 182 96 288c0 7 .8 13.7 1.5 20.5C161.3 262.8 253.4 224 384 224c8.8 0 16 7.2 16 16s-7.2 16-16 16C132.6 256 26 410.1 2.4 468c-6.6 16.3 1.2 34.9 17.5 41.6 16.4 6.8 35-1.1 41.8-17.3 1.5-3.6 20.9-47.9 71.9-90.6 32.4 43.9 94 85.8 174.9 77.2C465.5 467.5 576 326.7 576 154.3c0-50.2-10.8-102.2-29.8-144.6z"
          fill="currentColor"
          style={Object {}}
        />
      </svg>
      My Portfolio
    </button>
  </div>
  <div
    className="settings-container with-friends"
  >
    <h3>
      Friends
    </h3>
    <a
      href="/profile/add-friends"
      onClick={[Function]}
    >
      <button
        className="settings-button-container"
      >
        <svg
          aria-hidden="true"
          className="svg-inline--fa fa-user-plus fa-w-20 settings-icon"
          data-icon="user-plus"
          data-prefix="fas"
          focusable="false"
          role="img"
          style={Object {}}
          viewBox="0 0 640 512"
          xmlns="http://www.w3.org/2000/svg"
        >
          <path
            d="M624 208h-64v-64c0-8.8-7.2-16-16-16h-32c-8.8 0-16 7.2-16 16v64h-64c-8.8 0-16 7.2-16 16v32c0 8.8 7.2 16 16 16h64v64c0 8.8 7.2 16 16 16h32c8.8 0 16-7.2 16-16v-64h64c8.8 0 16-7.2 16-16v-32c0-8.8-7.2-16-16-16zm-400 48c70.7 0 128-57.3 128-128S294.7 0 224 0 96 57.3 96 128s57.3 128 128 128zm89.6 32h-16.7c-22.2 10.2-46.9 16-72.9 16s-50.6-5.8-72.9-16h-16.7C60.2 288 0 348.2 0 422.4V464c0 26.5 21.5 48 48 48h352c26.5 0 48-21.5 48-48v-41.6c0-74.2-60.2-134.4-134.4-134.4z"
            fill="currentColor"
            style={Object {}}
          />
        </svg>
        Add Friends
      </button>
    </a>
    <a
      href="/my-friends"
      onClick={[Function]}
    >
      <button
        className="settings-button-container"
      >
        <svg
          aria-hidden="true"
          className="svg-inline--fa fa-user-friends fa-w-20 settings-icon"
          data-icon="user-friends"
          data-prefix="fas"
          focusable="false"
          role="img"
          style={Object {}}
          viewBox="0 0 640 512"
          xmlns="http://www.w3.org/2000/svg"
        >
          <path
            d="M192 256c61.9 0 112-50.1 112-112S253.9 32 192 32 80 82.1 80 144s50.1 112 112 112zm76.8 32h-8.3c-20.8 10-43.9 16-68.5 16s-47.6-6-68.5-16h-8.3C51.6 288 0 339.6 0 403.2V432c0 26.5 21.5 48 48 48h288c26.5 0 48-21.5 48-48v-28.8c0-63.6-51.6-115.2-115.2-115.2zM480 256c53 0 96-43 96-96s-43-96-96-96-96 43-96 96 43 96 96 96zm48 32h-3.8c-13.9 4.8-28.6 8-44.2 8s-30.3-3.2-44.2-8H432c-20.4 0-39.2 5.9-55.7 15.4 24.4 26.3 39.7 61.2 39.7 99.8v38.4c0 2.2-.5 4.3-.6 6.4H592c26.5 0 48-21.5 48-48 0-61.9-50.1-112-112-112z"
            fill="currentColor"
            style={Object {}}
          />
        </svg>
        My Friends
      </button>
    </a>
    <p
      className="friend-request-count"
    >
      4
    </p>
  </div>
  <div
    className="settings-container below-friends"
  >
    <h3>
      Misc.
    </h3>
    <a
      href="/profile/edit"
      onClick={[Function]}
    >
      <button
        className="settings-button-container"
      >
        <svg
          aria-hidden="true"
          className="svg-inline--fa fa-pencil-alt fa-w-16 settings-icon"
          data-icon="pencil-alt"
          data-prefix="fas"
          focusable="false"
          role="img"
          style={Object {}}
          viewBox="0 0 512 512"
          xmlns="http://www.w3.org/2000/svg"
        >
          <path
            d="M497.9 142.1l-46.1 46.1c-4.7 4.7-12.3 4.7-17 0l-111-111c-4.7-4.7-4.7-12.3 0-17l46.1-46.1c18.7-18.7 49.1-18.7 67.9 0l60.1 60.1c18.8 18.7 18.8 49.1 0 67.9zM284.2 99.8L21.6 362.4.4 483.9c-2.9 16.4 11.4 30.6 27.8 27.8l121.5-21.3 262.6-262.6c4.7-4.7 4.7-12.3 0-17l-111-111c-4.8-4.7-12.4-4.7-17.1 0zM124.1 339.9c-5.5-5.5-5.5-14.3 0-19.8l154-154c5.5-5.5 14.3-5.5 19.8 0s5.5 14.3 0 19.8l-154 154c-5.5 5.5-14.3 5.5-19.8 0zM88 424h48v36.3l-64.5 11.3-31.1-31.1L51.7 376H88v48z"
            fill="currentColor"
            style={Object {}}
          />
        </svg>
        Edit Profile
      </button>
    </a>
    <button
      className="settings-button-container"
      onClick={[Function]}
    >
      <svg
        aria-hidden="true"
        className="svg-inline--fa fa-cog fa-w-16 settings-icon"
        data-icon="cog"
        data-prefix="fas"
        focusable="false"
        role="img"
        style={Object {}}
        viewBox="0 0 512 512"
        xmlns="http://www.w3.org/2000/svg"
      >
        <path
          d="M487.4 315.7l-42.6-24.6c4.3-23.2 4.3-47 0-70.2l42.6-24.6c4.9-2.8 7.1-8.6 5.5-14-11.1-35.6-30-67.8-54.7-94.6-3.8-4.1-10-5.1-14.8-2.3L380.8 110c-17.9-15.4-38.5-27.3-60.8-35.1V25.8c0-5.6-3.9-10.5-9.4-11.7-36.7-8.2-74.3-7.8-109.2 0-5.5 1.2-9.4 6.1-9.4 11.7V75c-22.2 7.9-42.8 19.8-60.8 35.1L88.7 85.5c-4.9-2.8-11-1.9-14.8 2.3-24.7 26.7-43.6 58.9-54.7 94.6-1.7 5.4.6 11.2 5.5 14L67.3 221c-4.3 23.2-4.3 47 0 70.2l-42.6 24.6c-4.9 2.8-7.1 8.6-5.5 14 11.1 35.6 30 67.8 54.7 94.6 3.8 4.1 10 5.1 14.8 2.3l42.6-24.6c17.9 15.4 38.5 27.3 60.8 35.1v49.2c0 5.6 3.9 10.5 9.4 11.7 36.7 8.2 74.3 7.8 109.2 0 5.5-1.2 9.4-6.1 9.4-11.7v-49.2c22.2-7.9 42.8-19.8 60.8-35.1l42.6 24.6c4.9 2.8 11 1.9 14.8-2.3 24.7-26.7 43.6-58.9 54.7-94.6 1.5-5.5-.7-11.3-5.6-14.1zM256 336c-44.1 0-80-35.9-80-80s35.9-80 80-80 80 35.9 80 80-35.9 80-80 80z"
          fill="currentColor"
          style={Object {}}
        />
      </svg>
      Settings
    </button>
  </div>
  <div
    className="joined-date-container"
  >
    <p>
      Joined MÃ¼ll on 
      February
       
      19
      , 
      2021
    </p>
  </div>
</div>
`;
