// Jest Snapshot v1, https://goo.gl/fbAQLP

exports[`ChatBubble should match snapshot 1`] = `
<div>
  <button
    className="settings-button-container"
  />
</div>
`;
