// Jest Snapshot v1, https://goo.gl/fbAQLP

exports[`OtherUserProfile should match snapshot 1`] = `
<div
  className="page-container"
>
  <button
    className="mull-back-button  "
    data-testid="mull-back-button"
    onClick={[Function]}
  >
    <svg
      aria-hidden="true"
      className="svg-inline--fa fa-chevron-left fa-w-10 mull-back-button-icon"
      data-icon="chevron-left"
      data-prefix="fas"
      focusable="false"
      role="img"
      style={Object {}}
      viewBox="0 0 320 512"
      xmlns="http://www.w3.org/2000/svg"
    >
      <path
        d="M34.52 239.03L228.87 44.69c9.37-9.37 24.57-9.37 33.94 0l22.67 22.67c9.36 9.36 9.37 24.52.04 33.9L131.49 256l154.02 154.75c9.34 9.38 9.32 24.54-.04 33.9l-22.67 22.67c-9.37 9.37-24.57 9.37-33.94 0L34.52 272.97c-9.37-9.37-9.37-24.57 0-33.94z"
        fill="currentColor"
        style={Object {}}
      />
    </svg>
    <div
      className="mull-back-button-text"
    >
      Add Friends
    </div>
  </button>
  <div
    className="profile-header-container"
  >
    <div
      className="user-name-container"
    >
      <h1
        className="profile-header-username"
        data-testid="userName"
      >
        Candice Runolfsdottir
      </h1>
    </div>
    <div
      className="profile-header"
    >
      <img
        alt="user"
        className="user-profile-picture"
        src="./assets/icons/icon-192x192.png"
      />
      <div
        className="profile-side-container"
      >
        <button
          className="profile-stats"
          data-testid="portfolioCount"
        >
          1
          <br />
          Portfolio
        </button>
        <button
          className="profile-stats"
          data-testid="friendCount"
        >
          1
          <br />
          Friends
        </button>
        <button
          className="profile-stats"
          data-testid="hostingCount"
        >
          3
          <br />
          Hosting
        </button>
        <div
          className="friend-status-container"
        >
          <button
            className="mull-button friend-status-button "
            data-testid="mull-button"
            onClick={[Function]}
            type="submit"
          >
            Add Friend
          </button>
        </div>
      </div>
    </div>
    <p
      className="profile-header-user-description"
      data-testid="userDescription"
    >
      Hey, it's Candice! Thanks for following my profile~ I am really passionate about hte environment, so feel free to add me and let us go around helping the environment together!
    </p>
  </div>
  <div
    className="portfolio-container"
    data-testid="portfolio-events"
  >
    <div
      className="event-card-container button"
      onClick={[Function]}
      style={Object {}}
    >
      <img
        alt="Event"
        className="event-card-image"
        src="http://localhost:3333/api/media/9"
      />
      <div
        className="event-card-datetime"
        data-testid="event-card-datetime"
      >
        <div
          className="date-style"
        >
          15 JUN
        </div>
        <div>
          01:45PM
        </div>
      </div>
      <div
        className="event-card-description"
      >
        <div
          className="event-card-text"
        >
          <div
            className="event-card-title"
          >
            my event
          </div>
          <div
            className="event-card-location"
          >
            15km â€¢ 51067 Schimmel Cliff, North Christop, Connecticut, 75399-7391
          </div>
        </div>
        <div
          className="event-members-div"
        >
          <img
            alt="participant_1"
            className="profile-picture"
            src="https://blog.photofeeler.com/wp-content/uploads/2017/04/are-bumble-profiles-fake-how-many.jpeg"
          />
          <img
            alt="participant_2"
            className="profile-picture"
            src="https://i.pinimg.com/236x/92/f0/ed/92f0edd9b0ecefdd5b7a48b8e1f7d340.jpg"
          />
          <img
            alt="participant_3"
            className="profile-picture"
            src="https://pbs.twimg.com/profile_images/748593045566853124/9DDVz0uT_400x400.jpg"
          />
        </div>
      </div>
    </div>
  </div>
</div>
`;
